<?xml version="1.0" encoding="UTF-8"?>
<TestRun id="266f02b0-84a3-468a-80db-0ce5bc7d801a" name="Jason.Pollack@JPOLLACK-LT-LA 2013-08-28 00:03:20" runUser="247WPP\Jason.Pollack" xmlns="http://microsoft.com/schemas/VisualStudio/TeamTest/2006">
  <TestRunConfiguration name="Local Test Run" id="4be742e0-cd6b-4dda-8d6b-6624623c189f">
    <Description>This is a default test run configuration for a local test run.</Description>
    <Deployment runDeploymentRoot="C:\Users\Jason.Pollack\Documents\Visual Studio 2008\Projects\NumberDecorator\TestResults\Jason.Pollack_JPOLLACK-LT-LA 2013-08-28 00_03_20">
      <DeploymentItem filename="C:\Users\Jason.Pollack\Documents\Visual Studio 2008\Projects\NumberDecorator\NumberDecorator\bin\Debug\NumberDecorator.dll" />
    </Deployment>
    <TestTypeSpecific />
  </TestRunConfiguration>
  <ResultSummary outcome="Completed">
    <Counters total="4" executed="4" passed="4" error="0" failed="0" timeout="0" aborted="0" inconclusive="0" passedButRunAborted="0" notRunnable="0" notExecuted="0" disconnected="0" warning="0" completed="0" inProgress="0" pending="0" />
  </ResultSummary>
  <Times creation="2013-08-28T00:03:20.2487703-07:00" queuing="2013-08-28T00:03:21.5028420-07:00" start="2013-08-28T00:03:21.7668571-07:00" finish="2013-08-28T00:03:22.4558965-07:00" />
  <TestDefinitions>
    <UnitTest name="TestInvalidRange" storage="c:\users\jason.pollack\documents\visual studio 2008\projects\numberdecorator\numberdecoratortester\bin\debug\numberdecoratortester.dll" id="cb3f5d6c-3c50-2a5e-953c-4c7b20e8ad3b">
      <Css projectStructure="" iteration="" />
      <Owners>
        <Owner name="" />
      </Owners>
      <Execution id="c0498572-cbd4-49c8-b0b0-7a1c31946004" />
      <TestMethod codeBase="C:\Users\Jason.Pollack\Documents\Visual Studio 2008\Projects\NumberDecorator\NumberDecoratorTester\bin\Debug\NumberDecoratorTester.dll" adapterTypeName="Microsoft.VisualStudio.TestTools.TestTypes.Unit.UnitTestAdapter, Microsoft.VisualStudio.QualityTools.Tips.UnitTest.Adapter, Version=9.0.0.0, Culture=neutral, PublicKeyToken=b03f5f7f11d50a3a" className="NumberDecoratorTester.NumberDecoratorLibTester, NumberDecoratorTester" name="TestInvalidRange" />
    </UnitTest>
    <UnitTest name="TestLength" storage="c:\users\jason.pollack\documents\visual studio 2008\projects\numberdecorator\numberdecoratortester\bin\debug\numberdecoratortester.dll" id="09aedf3f-e21b-42e9-20b0-75f8e00a02ec">
      <Css projectStructure="" iteration="" />
      <Owners>
        <Owner name="" />
      </Owners>
      <Execution id="37c821f1-1e43-47e8-a574-2456a7d2dd0a" />
      <TestMethod codeBase="C:\Users\Jason.Pollack\Documents\Visual Studio 2008\Projects\NumberDecorator\NumberDecoratorTester\bin\Debug\NumberDecoratorTester.dll" adapterTypeName="Microsoft.VisualStudio.TestTools.TestTypes.Unit.UnitTestAdapter, Microsoft.VisualStudio.QualityTools.Tips.UnitTest.Adapter, Version=9.0.0.0, Culture=neutral, PublicKeyToken=b03f5f7f11d50a3a" className="NumberDecoratorTester.NumberDecoratorLibTester, NumberDecoratorTester" name="TestLength" />
    </UnitTest>
    <UnitTest name="TestInvalidMapper" storage="c:\users\jason.pollack\documents\visual studio 2008\projects\numberdecorator\numberdecoratortester\bin\debug\numberdecoratortester.dll" id="0c06b3e6-a30c-f4d9-502d-8a49cabe37a2">
      <Css projectStructure="" iteration="" />
      <Owners>
        <Owner name="" />
      </Owners>
      <Execution id="214813da-b35b-4f09-813a-7b7d6fb5e445" />
      <TestMethod codeBase="C:\Users\Jason.Pollack\Documents\Visual Studio 2008\Projects\NumberDecorator\NumberDecoratorTester\bin\Debug\NumberDecoratorTester.dll" adapterTypeName="Microsoft.VisualStudio.TestTools.TestTypes.Unit.UnitTestAdapter, Microsoft.VisualStudio.QualityTools.Tips.UnitTest.Adapter, Version=9.0.0.0, Culture=neutral, PublicKeyToken=b03f5f7f11d50a3a" className="NumberDecoratorTester.NumberDecoratorLibTester, NumberDecoratorTester" name="TestInvalidMapper" />
    </UnitTest>
    <UnitTest name="TestCorrectFizzBuzz" storage="c:\users\jason.pollack\documents\visual studio 2008\projects\numberdecorator\numberdecoratortester\bin\debug\numberdecoratortester.dll" id="807a294d-a84d-1627-2e9b-66b8fed114c6">
      <Css projectStructure="" iteration="" />
      <Owners>
        <Owner name="" />
      </Owners>
      <Execution id="f4e19159-eebe-4519-ab53-cf69f1326b34" />
      <TestMethod codeBase="C:\Users\Jason.Pollack\Documents\Visual Studio 2008\Projects\NumberDecorator\NumberDecoratorTester\bin\Debug\NumberDecoratorTester.dll" adapterTypeName="Microsoft.VisualStudio.TestTools.TestTypes.Unit.UnitTestAdapter, Microsoft.VisualStudio.QualityTools.Tips.UnitTest.Adapter, Version=9.0.0.0, Culture=neutral, PublicKeyToken=b03f5f7f11d50a3a" className="NumberDecoratorTester.NumberDecoratorLibTester, NumberDecoratorTester" name="TestCorrectFizzBuzz" />
    </UnitTest>
  </TestDefinitions>
  <TestLists>
    <TestList name="Results Not in a List" id="8c84fa94-04c1-424b-9868-57a2d4851a1d" />
    <TestList name="All Loaded Results" id="19431567-8539-422a-85d7-44ee4e166bda" />
  </TestLists>
  <TestEntries>
    <TestEntry testId="09aedf3f-e21b-42e9-20b0-75f8e00a02ec" executionId="37c821f1-1e43-47e8-a574-2456a7d2dd0a" testListId="8c84fa94-04c1-424b-9868-57a2d4851a1d" />
    <TestEntry testId="0c06b3e6-a30c-f4d9-502d-8a49cabe37a2" executionId="214813da-b35b-4f09-813a-7b7d6fb5e445" testListId="8c84fa94-04c1-424b-9868-57a2d4851a1d" />
    <TestEntry testId="807a294d-a84d-1627-2e9b-66b8fed114c6" executionId="f4e19159-eebe-4519-ab53-cf69f1326b34" testListId="8c84fa94-04c1-424b-9868-57a2d4851a1d" />
    <TestEntry testId="cb3f5d6c-3c50-2a5e-953c-4c7b20e8ad3b" executionId="c0498572-cbd4-49c8-b0b0-7a1c31946004" testListId="8c84fa94-04c1-424b-9868-57a2d4851a1d" />
  </TestEntries>
  <Results>
    <UnitTestResult executionId="37c821f1-1e43-47e8-a574-2456a7d2dd0a" testId="09aedf3f-e21b-42e9-20b0-75f8e00a02ec" testName="TestLength" computerName="JPOLLACK-LT-LA" duration="00:00:00.0153980" startTime="2013-08-28T00:03:21.8728632-07:00" endTime="2013-08-28T00:03:22.3158885-07:00" testType="13cdc9d9-ddb5-4fa4-a97d-d965ccfc6d4b" outcome="Passed" testListId="8c84fa94-04c1-424b-9868-57a2d4851a1d">
      <Output>
      </Output>
    </UnitTestResult>
    <UnitTestResult executionId="214813da-b35b-4f09-813a-7b7d6fb5e445" testId="0c06b3e6-a30c-f4d9-502d-8a49cabe37a2" testName="TestInvalidMapper" computerName="JPOLLACK-LT-LA" duration="00:00:00.0004213" startTime="2013-08-28T00:03:22.3178886-07:00" endTime="2013-08-28T00:03:22.3208888-07:00" testType="13cdc9d9-ddb5-4fa4-a97d-d965ccfc6d4b" outcome="Passed" testListId="8c84fa94-04c1-424b-9868-57a2d4851a1d">
      <Output>
      </Output>
    </UnitTestResult>
    <UnitTestResult executionId="f4e19159-eebe-4519-ab53-cf69f1326b34" testId="807a294d-a84d-1627-2e9b-66b8fed114c6" testName="TestCorrectFizzBuzz" computerName="JPOLLACK-LT-LA" duration="00:00:00.0053795" startTime="2013-08-28T00:03:22.3218889-07:00" endTime="2013-08-28T00:03:22.3308894-07:00" testType="13cdc9d9-ddb5-4fa4-a97d-d965ccfc6d4b" outcome="Passed" testListId="8c84fa94-04c1-424b-9868-57a2d4851a1d">
      <Output>
      </Output>
    </UnitTestResult>
    <UnitTestResult executionId="c0498572-cbd4-49c8-b0b0-7a1c31946004" testId="cb3f5d6c-3c50-2a5e-953c-4c7b20e8ad3b" testName="TestInvalidRange" computerName="JPOLLACK-LT-LA" duration="00:00:00.0003765" startTime="2013-08-28T00:03:22.3318894-07:00" endTime="2013-08-28T00:03:22.3358897-07:00" testType="13cdc9d9-ddb5-4fa4-a97d-d965ccfc6d4b" outcome="Passed" testListId="8c84fa94-04c1-424b-9868-57a2d4851a1d">
      <Output>
      </Output>
    </UnitTestResult>
  </Results>
</TestRun>